
[1m[30m[46m RUN [49m[39m[22m [36mv5.0.0 [39m[90m/work[39m

 [32m✓[39m [30m[45m plugin-sdk [49m[39m src/plugin-sdk/webhook-request-guards.test.ts[2m > [22misJsonContentType[2m > [22maccepts application/json[32m 248[2mms[22m[39m
 [32m✓[39m [30m[45m plugin-sdk [49m[39m src/plugin-sdk/webhook-request-guards.test.ts[2m > [22misJsonContentType[2m > [22maccepts +json suffixes[32m 5[2mms[22m[39m
 [32m✓[39m [30m[45m plugin-sdk [49m[39m src/plugin-sdk/webhook-request-guards.test.ts[2m > [22misJsonContentType[2m > [22mrejects non-json media types[32m 5[2mms[22m[39m
 [32m✓[39m [30m[45m plugin-sdk [49m[39m src/plugin-sdk/webhook-request-guards.test.ts[2m > [22misJsonContentType[2m > [22mrejects missing media types[32m 3[2mms[22m[39m
 [32m✓[39m [30m[45m plugin-sdk [49m[39m src/plugin-sdk/webhook-request-guards.test.ts[2m > [22mapplyBasicWebhookRequestGuards[2m > [22mrejects disallowed HTTP methods[32m 7[2mms[22m[39m
 [32m✓[39m [30m[45m plugin-sdk [49m[39m src/plugin-sdk/webhook-request-guards.test.ts[2m > [22mapplyBasicWebhookRequestGuards[2m > [22menforces rate limits[32m 7[2mms[22m[39m
 [32m✓[39m [30m[45m plugin-sdk [49m[39m src/plugin-sdk/webhook-request-guards.test.ts[2m > [22mapplyBasicWebhookRequestGuards[2m > [22mallows matching JSON requests[32m 4[2mms[22m[39m
 [32m✓[39m [30m[45m plugin-sdk [49m[39m src/plugin-sdk/webhook-request-guards.test.ts[2m > [22mapplyBasicWebhookRequestGuards[2m > [22mrejects non-json requests when required[32m 3[2mms[22m[39m
 [32m✓[39m [30m[45m plugin-sdk [49m[39m src/plugin-sdk/webhook-request-guards.test.ts[2m > [22mreadJsonWebhookBodyOrReject[2m > [22mreturns parsed JSON body[32m 7[2mms[22m[39m
 [32m✓[39m [30m[45m plugin-sdk [49m[39m src/plugin-sdk/webhook-request-guards.test.ts[2m > [22mreadJsonWebhookBodyOrReject[2m > [22mpreserves valid JSON null payload[32m 3[2mms[22m[39m
 [32m✓[39m [30m[45m plugin-sdk [49m[39m src/plugin-sdk/webhook-request-guards.test.ts[2m > [22mreadJsonWebhookBodyOrReject[2m > [22mwrites 400 on invalid JSON payload[32m 8[2mms[22m[39m
 [32m✓[39m [30m[45m plugin-sdk [49m[39m src/plugin-sdk/webhook-request-guards.test.ts[2m > [22mreadWebhookBodyOrReject[2m > [22mreturns raw body contents[32m 3[2mms[22m[39m
 [32m✓[39m [30m[45m plugin-sdk [49m[39m src/plugin-sdk/webhook-request-guards.test.ts[2m > [22mbeginWebhookRequestPipelineOrReject[2m > [22mfalls back for non-finite in-flight limiter options[32m 5[2mms[22m[39m
 [32m✓[39m [30m[45m plugin-sdk [49m[39m src/plugin-sdk/webhook-request-guards.test.ts[2m > [22mbeginWebhookRequestPipelineOrReject[2m > [22menforces in-flight request limits and releases slots[32m 3[2mms[22m[39m
 [32m✓[39m [30m[45m plugin-sdk [49m[39m src/plugin-sdk/webhook-request-guards.test.ts[2m > [22mrunDetachedWebhookWork[2m > [22mdefers the callback until the request handler can acknowledge[32m 18[2mms[22m[39m
 [32m✓[39m [30m[45m plugin-sdk [49m[39m src/plugin-sdk/webhook-request-guards.test.ts[2m > [22mrunDetachedWebhookWork[2m > [22mkeeps post-ack processing admitted after the request admission is released[32m 136[2mms[22m[39m
 [32m✓[39m [30m[45m plugin-sdk [49m[39m src/plugin-sdk/webhook-request-guards.test.ts[2m > [22mrunDetachedWebhookWork[2m > [22mrefuses the same post-ack processing when it merely inherits the request admission[32m 33[2mms[22m[39m

[2m Test Files [22m [1m[32m1 passed[39m[22m[90m (1)[39m
[2m      Tests [22m [1m[32m17 passed[39m[22m[90m (17)[39m
[2m   Start at [22m 15:35:00
[2m   Duration [22m 6.04s[2m (worker 47%, transform 37%, tests 9%, setup 6%, import 1%)[22m

