
[1m[30m[46m RUN [49m[39m[22m [36mv5.0.0 [39m[90m/repo[39m

 [32m✓[39m [30m[45m agents-core [49m[39m src/agents/code-mode-headless.budget.test.ts[2m > [22mkeeps headless timer continuations within their admitted budget (checkpoint=false)[32m 161[2mms[22m[39m
 [32m✓[39m [30m[45m agents-core [49m[39m src/agents/code-mode-headless.budget.test.ts[2m > [22mkeeps headless timer continuations within their admitted budget (checkpoint=true)[32m 19[2mms[22m[39m
 [32m✓[39m [30m[45m agents-core [49m[39m src/agents/code-mode-headless.budget.test.ts[2m > [22mcontinues headless after a checkpoint and actual tool reply exactly once[32m 27[2mms[22m[39m
 [32m✓[39m [30m[45m agents-core [49m[39m src/agents/code-mode-headless.budget.test.ts[2m > [22mcontinues interactive after a checkpoint and actual tool reply exactly once[32m 14[2mms[22m[39m
 [32m✓[39m [30m[45m agents-core [49m[39m src/agents/code-mode-headless.budget.test.ts[2m > [22muses the exact prepared worker grant after delayed headless admission[32m 79[2mms[22m[39m
 [32m✓[39m [30m[45m agents-core [49m[39m src/agents/code-mode-headless.budget.test.ts[2m > [22muses the exact prepared worker grant after delayed interactive admission[32m 80[2mms[22m[39m
 [32m✓[39m [30m[45m agents-core [49m[39m src/agents/code-mode-headless.budget.test.ts[2m > [22mkeeps the worker grant authoritative for continuation offset 0[32m 6[2mms[22m[39m
 [32m✓[39m [30m[45m agents-core [49m[39m src/agents/code-mode-headless.budget.test.ts[2m > [22mkeeps the worker grant authoritative for continuation offset 1[32m 7[2mms[22m[39m
 [32m✓[39m [30m[45m agents-core [49m[39m src/agents/code-mode-headless.cancellation.test.ts[2m > [22mheadless Code Mode cancellation[2m > [22mclassifies a wall-clock expiry observed during a real tool leg as timeout[33m 343[2mms[22m[39m
 [32m✓[39m [30m[45m agents-core [49m[39m src/agents/code-mode-headless.cancellation.test.ts[2m > [22mheadless Code Mode cancellation[2m > [22mcompletes after canceling a guest timer across two resumes[32m 101[2mms[22m[39m
 [32m✓[39m [30m[45m agents-core [49m[39m src/agents/code-mode-headless.cancellation.test.ts[2m > [22mheadless Code Mode cancellation[2m > [22mterminates an in-flight worker leg when aborted[32m 106[2mms[22m[39m
 [32m✓[39m [30m[45m agents-core [49m[39m src/agents/code-mode-headless.cancellation.test.ts[2m > [22mheadless Code Mode cancellation[2m > [22mclassifies caller aborts before the worker leg as aborted[32m 1[2mms[22m[39m
 [32m✓[39m [30m[45m agents-core [49m[39m src/agents/code-mode-headless.cancellation.test.ts[2m > [22mheadless Code Mode cancellation[2m > [22mclassifies a host exchange that rejects with the scope deadline error before its signal settles[32m 102[2mms[22m[39m
 [32m✓[39m [30m[45m agents-core [49m[39m src/agents/code-mode-headless.cancellation.test.ts[2m > [22mheadless Code Mode cancellation[2m > [22mclassifies a host exchange that rejects with the scope abort error before its signal settles[32m 114[2mms[22m[39m
 [32m✓[39m [30m[45m agents-core [49m[39m src/agents/code-mode-headless.test.ts[2m > [22mheadless Code Mode[2m > [22mcompletes multi-round tool calls without publishing active runs[32m 122[2mms[22m[39m
 [32m✓[39m [30m[45m agents-core [49m[39m src/agents/code-mode-headless.test.ts[2m > [22mheadless Code Mode[2m > [22mpreserves output and cancels earlier tools when a headless resume exceeds the snapshot cap[32m 31[2mms[22m[39m
 [32m✓[39m [30m[45m agents-core [49m[39m src/agents/code-mode-headless.test.ts[2m > [22mheadless Code Mode[2m > [22mkeeps the headless race winner when the later-started tool settles first[32m 12[2mms[22m[39m
 [32m✓[39m [30m[45m agents-core [49m[39m src/agents/code-mode-headless.test.ts[2m > [22mheadless Code Mode[2m > [22mdrains a headless nested combinator after its outer race wins[32m 8[2mms[22m[39m
 [32m✓[39m [30m[45m agents-core [49m[39m src/agents/code-mode-headless.test.ts[2m > [22mheadless Code Mode[2m > [22mdrains a headless detached audit started directly before an awaited nested call[32m 8[2mms[22m[39m
 [32m✓[39m [30m[45m agents-core [49m[39m src/agents/code-mode-headless.test.ts[2m > [22mheadless Code Mode[2m > [22mdrains a headless detached audit started in a detached already-settled Promise.r… before an awaited nested call[32m 7[2mms[22m[39m
 [32m✓[39m [30m[45m agents-core [49m[39m src/agents/code-mode-headless.test.ts[2m > [22mheadless Code Mode[2m > [22mdrains a headless detached audit started in a detached Promise.all before an awaited nested call[32m 6[2mms[22m[39m
 [32m✓[39m [30m[45m agents-core [49m[39m src/agents/code-mode-headless.test.ts[2m > [22mheadless Code Mode[2m > [22mdrains a headless detached audit started in a detached Promise.allSettled before an awaited nested call[32m 7[2mms[22m[39m
 [32m✓[39m [30m[45m agents-core [49m[39m src/agents/code-mode-headless.test.ts[2m > [22mheadless Code Mode[2m > [22mdrains a headless detached audit started in a detached Promise.any before an awaited nested call[32m 7[2mms[22m[39m
 [32m✓[39m [30m[45m agents-core [49m[39m src/agents/code-mode-headless.test.ts[2m > [22mheadless Code Mode[2m > [22mdrains a headless detached audit started in a detached Promise.race before an awaited nested call[32m 7[2mms[22m[39m
 [32m✓[39m [30m[45m agents-core [49m[39m src/agents/code-mode-headless.test.ts[2m > [22mheadless Code Mode[2m > [22mdrains a headless race winner's detached audit and its slower race branch[32m 9[2mms[22m[39m
 [32m✓[39m [30m[45m agents-core [49m[39m src/agents/code-mode-headless.test.ts[2m > [22mheadless Code Mode[2m > [22mdrains every detached headless tool before completing the guest[32m 8[2mms[22m[39m
 [32m✓[39m [30m[45m agents-core [49m[39m src/agents/code-mode-headless.test.ts[2m > [22mheadless Code Mode[2m > [22mpreserves the headless Promise.race winner while draining the slower nested tool[32m 9[2mms[22m[39m
 [32m✓[39m [30m[45m agents-core [49m[39m src/agents/code-mode-headless.test.ts[2m > [22mheadless Code Mode[2m > [22mpreserves the headless Promise.any winner while draining the slower nested tool[32m 13[2mms[22m[39m
 [32m✓[39m [30m[45m agents-core [49m[39m src/agents/code-mode-headless.test.ts[2m > [22mheadless Code Mode[2m > [22mpreserves headless fail-fast Promise.all while draining the slower nested tool[32m 14[2mms[22m[39m
 [32m✓[39m [30m[45m agents-core [49m[39m src/agents/code-mode-headless.test.ts[2m > [22mheadless Code Mode[2m > [22mdoes not expose collector globals without resumable snapshot state[32m 8[2mms[22m[39m
 [32m✓[39m [30m[45m agents-core [49m[39m src/agents/code-mode-headless.test.ts[2m > [22mheadless Code Mode[2m > [22mpreserves harmless template-literal import text in headless source validation[32m 8[2mms[22m[39m
 [32m✓[39m [30m[45m agents-core [49m[39m src/agents/code-mode-headless.test.ts[2m > [22mheadless Code Mode[2m > [22mpreserves harmless template-literal require text in headless source validation[32m 5[2mms[22m[39m
 [32m✓[39m [30m[45m agents-core [49m[39m src/agents/code-mode-headless.test.ts[2m > [22mheadless Code Mode[2m > [22mpreserves harmless nested template-literal module text in headless source validation[32m 2[2mms[22m[39m
 [32m✓[39m [30m[45m agents-core [49m[39m src/agents/code-mode-headless.test.ts[2m > [22mheadless Code Mode[2m > [22mpreserves harmless regular-expression module text in headless source validation[32m 5[2mms[22m[39m
 [32m✓[39m [30m[45m agents-core [49m[39m src/agents/code-mode-headless.test.ts[2m > [22mheadless Code Mode[2m > [22mpreserves harmless ordinary import method in headless source validation[32m 5[2mms[22m[39m
 [32m✓[39m [30m[45m agents-core [49m[39m src/agents/code-mode-headless.test.ts[2m > [22mheadless Code Mode[2m > [22mpreserves harmless ordinary require method in headless source validation[32m 3[2mms[22m[39m
 [32m✓[39m [30m[45m agents-core [49m[39m src/agents/code-mode-headless.test.ts[2m > [22mheadless Code Mode[2m > [22mpreserves harmless ordinary import metadata property in headless source validation[32m 1[2mms[22m[39m
 [32m✓[39m [30m[45m agents-core [49m[39m src/agents/code-mode-headless.test.ts[2m > [22mheadless Code Mode[2m > [22mexecutes module-shaped regular expressions in a TypeScript headless guest[33m 374[2mms[22m[39m
 [32m✓[39m [30m[45m agents-core [49m[39m src/agents/code-mode-headless.test.ts[2m > [22mheadless Code Mode[2m > [22mrejects executable module access in a headless guest: return r\u0065quire('node:fs');[32m 2[2mms[22m[39m
 [32m✓[39m [30m[45m agents-core [49m[39m src/agents/code-mode-headless.test.ts[2m > [22mheadless Code Mode[2m > [22mrejects executable module access in a headless guest: return require?.('node:fs');[32m 1[2mms[22m[39m
 [32m✓[39m [30m[45m agents-core [49m[39m src/agents/code-mode-headless.test.ts[2m > [22mheadless Code Mode[2m > [22mrejects executable module access in a headless guest: return (require)('node:fs');[32m 1[2mms[22m[39m
 [32m✓[39m [30m[45m agents-core [49m[39m src/agents/code-mode-headless.test.ts[2m > [22mheadless Code Mode[2m > [22mrejects executable module access in a headless guest: return (0, require)('node:fs');[32m 1[2mms[22m[39m
 [32m✓[39m [30m[45m agents-core [49m[39m src/agents/code-mode-headless.test.ts[2m > [22mheadless Code Mode[2m > [22mrejects executable module access in a headless guest: const load = require; return load('node:fs');[32m 6[2mms[22m[39m
 [32m✓[39m [30m[45m agents-core [49m[39m src/agents/code-mode-headless.test.ts[2m > [22mheadless Code Mode[2m > [22mrejects executable module access in a headless guest: return module.require('node:fs');[32m 6[2mms[22m[39m
 [32m✓[39m [30m[45m agents-core [49m[39m src/agents/code-mode-headless.test.ts[2m > [22mheadless Code Mode[2m > [22mrejects executable module access in a headless guest: return process.getBuiltinModule('node:fs');[32m 6[2mms[22m[39m
 [32m✓[39m [30m[45m agents-core [49m[39m src/agents/code-mode-headless.test.ts[2m > [22mheadless Code Mode[2m > [22mrejects executable module access in a headless guest: return `${import('node:fs')}`;[32m 2[2mms[22m[39m
 [32m✓[39m [30m[45m agents-core [49m[39m src/agents/code-mode-headless.test.ts[2m > [22mheadless Code Mode[2m > [22mrejects executable module access in a headless guest: return `${require('node:fs')}`;[32m 2[2mms[22m[39m
 [32m✓[39m [30m[45m agents-core [49m[39m src/agents/code-mode-headless.test.ts[2m > [22mheadless Code Mode[2m > [22mrejects executable module access in a headless guest: return `${`nested ${import('node:fs')}`}`;[32m 1[2mms[22m[39m
 [32m✓[39m [30m[45m agents-core [49m[39m src/agents/code-mode-headless.test.ts[2m > [22mheadless Code Mode[2m > [22mrejects executable module access in a headless guest: return `${`nested ${require('node:fs')}`}`;[32m 1[2mms[22m[39m
 [32m✓[39m [30m[45m agents-core [49m[39m src/agents/code-mode-headless.test.ts[2m > [22mheadless Code Mode[2m > [22mrejects executable module access in a headless guest: const message = `import('node:fs')`; return require('node:fs');[32m 2[2mms[22m[39m
 [32m✓[39m [30m[45m agents-core [49m[39m src/agents/code-mode-headless.test.ts[2m > [22mheadless Code Mode[2m > [22mrejects executable module access in a headless guest: let value = 1; return value++ / import('node:fs');[32m 2[2mms[22m[39m
 [32m✓[39m [30m[45m agents-core [49m[39m src/agents/code-mode-headless.test.ts[2m > [22mheadless Code Mode[2m > [22mrejects executable module access in a headless guest: let value = 1; return value-- / import('node:fs');[32m 1[2mms[22m[39m
 [32m✓[39m [30m[45m agents-core [49m[39m src/agents/code-mode-headless.test.ts[2m > [22mheadless Code Mode[2m > [22mrejects executable module access in a headless guest: const value = { of: 1 }; return value.of / import('node:fs');[32m 1[2mms[22m[39m
 [32m✓[39m [30m[45m agents-core [49m[39m src/agents/code-mode-headless.test.ts[2m > [22mheadless Code Mode[2m > [22mrejects executable module access in a headless guest: const value = { return: 1 }; return value.return / import('node:fs');[32m 1[2mms[22m[39m
 [32m✓[39m [30m[45m agents-core [49m[39m src/agents/code-mode-headless.test.ts[2m > [22mheadless Code Mode[2m > [22mrejects executable module access in a headless guest: const value = { if() { return 1; } }; return value.if() / import('node:fs');[32m 1[2mms[22m[39m
 [32m✓[39m [30m[45m agents-core [49m[39m src/agents/code-mode-headless.test.ts[2m > [22mheadless Code Mode[2m > [22mrejects executable module access in a headless guest: const value = { return: 1 }; return value?.return / import('node:fs') / 1;[32m 2[2mms[22m[39m
 [32m✓[39m [30m[45m agents-core [49m[39m src/agents/code-mode-headless.test.ts[2m > [22mheadless Code Mode[2m > [22mrejects executable module access in a headless guest: const value = { return: 1 }; return value?.return / require('node:fs') / 1;[32m 2[2mms[22m[39m
 [32m✓[39m [30m[45m agents-core [49m[39m src/agents/code-mode-headless.test.ts[2m > [22mheadless Code Mode[2m > [22mrejects executable module access in a headless guest: const value = { if() { return 1; } }; return value?.if() / import('node:fs');[32m 1[2mms[22m[39m
 [32m✓[39m [30m[45m agents-core [49m[39m src/agents/code-mode-headless.test.ts[2m > [22mheadless Code Mode[2m > [22mrejects executable module access in a headless guest: function run() { const await = 1; return await / (globalThis.pending = import('node:fs')); } run(); return globalThis.pending;[32m 1[2mms[22m[39m
 [32m✓[39m [30m[45m agents-core [49m[39m src/agents/code-mode-headless.test.ts[2m > [22mheadless Code Mode[2m > [22mrejects executable module access in a headless guest: class Guest { #return = 1; run() { return this.#return / (globalThis.pending = import('node:fs')); } } new Guest().run(); return globalThis.pending;[32m 2[2mms[22m[39m
 [32m✓[39m [30m[45m agents-core [49m[39m src/agents/code-mode-headless.test.ts[2m > [22mheadless Code Mode[2m > [22mrejects astral-shifted TypeScript module access in a headless guest: import('node:fs')[32m 2[2mms[22m[39m
 [32m✓[39m [30m[45m agents-core [49m[39m src/agents/code-mode-headless.test.ts[2m > [22mheadless Code Mode[2m > [22mrejects astral-shifted TypeScript module access in a headless guest: require('node:fs')[32m 1[2mms[22m[39m
 [32m✓[39m [30m[45m agents-core [49m[39m src/agents/code-mode-headless.test.ts[2m > [22mheadless Code Mode[2m > [22minjects deeply frozen trigger state and emits replacement state through json[32m 5[2mms[22m[39m
 [32m✓[39m [30m[45m agents-core [49m[39m src/agents/code-mode-headless.test.ts[2m > [22mheadless Code Mode[2m > [22mkeeps an injected namespace while calling a colliding tool by its advertised global[32m 22[2mms[22m[39m
 [32m✓[39m [30m[45m agents-core [49m[39m src/agents/code-mode-headless.test.ts[2m > [22mheadless Code Mode[2m > [22mrejects colliding injected namespace globals[32m 2[2mms[22m[39m
 [32m✓[39m [30m[45m agents-core [49m[39m src/agents/code-mode-headless.test.ts[2m > [22mheadless Code Mode[2m > [22mfails before settling tool calls beyond the total budget[32m 10[2mms[22m[39m
 [32m✓[39m [30m[45m agents-core [49m[39m src/agents/code-mode-headless.test.ts[2m > [22mheadless Code Mode[2m > [22mcounts first-class node operations against the headless tool budget[32m 113[2mms[22m[39m
 [32m✓[39m [30m[45m agents-core [49m[39m src/agents/code-mode-headless.test.ts[2m > [22mheadless Code Mode[2m > [22mfails an awaiting promise without bridge work before resuming a worker[32m 102[2mms[22m[39m
 [32m✓[39m [30m[45m agents-core [49m[39m src/agents/code-mode-headless.test.ts[2m > [22mheadless Code Mode[2m > [22mhonors cron payload tool budgets above the old headless cap[32m 34[2mms[22m[39m
 [32m✓[39m [30m[45m agents-core [49m[39m src/agents/code-mode-headless.test.ts[2m > [22mheadless Code Mode[2m > [22menforces one wall-clock deadline across worker and tool legs[32m 7[2mms[22m[39m
 [32m✓[39m [30m[45m agents-core [49m[39m src/agents/code-mode-headless.test.ts[2m > [22mheadless Code Mode[2m > [22mhonors cron payload wall-clock limits above the old headless cap[32m 105[2mms[22m[39m
 [32m✓[39m [30m[45m agents-core [49m[39m src/agents/code-mode-headless.test.ts[2m > [22mheadless Code Mode[2m > [22msettles yield_control inline and resumes to completion[32m 11[2mms[22m[39m
 [32m✓[39m [30m[45m agents-core [49m[39m src/agents/code-mode-headless.test.ts[2m > [22mheadless Code Mode[2m > [22mkeeps worker-leg wall-clock expiry classified as timeout[32m 106[2mms[22m[39m
 [32m✓[39m [30m[45m agents-core [49m[39m src/agents/code-mode-headless.test.ts[2m > [22mheadless Code Mode[2m > [22mclassifies syntax errors[32m 6[2mms[22m[39m
 [32m✓[39m [30m[45m agents-core [49m[39m src/agents/code-mode-headless.test.ts[2m > [22mheadless Code Mode[2m > [22mclamps headless limit overrides to worker-safe bounds[32m 1[2mms[22m[39m
 [32m✓[39m [30m[45m agents-core [49m[39m src/agents/code-mode-worker-lifecycle.test.ts[2m > [22mCode Mode worker lifecycle[2m > [22mpreserves legacy snapshot errors without source-location metadata[32m 135[2mms[22m[39m
 [32m✓[39m [30m[45m agents-core [49m[39m src/agents/code-mode-worker-lifecycle.test.ts[2m > [22mCode Mode worker lifecycle[2m > [22maccounts for a same-line prelude in syntax locations: const helper = 1;[32m 11[2mms[22m[39m
 [32m✓[39m [30m[45m agents-core [49m[39m src/agents/code-mode-worker-lifecycle.test.ts[2m > [22mCode Mode worker lifecycle[2m > [22maccounts for a same-line prelude in syntax locations: const helper = 'é🦞';[32m 6[2mms[22m[39m
 [32m✓[39m [30m[45m agents-core [49m[39m src/agents/code-mode-worker-lifecycle.test.ts[2m > [22mCode Mode worker lifecycle[2m > [22mdoes not attribute a prelude failure to submitted source[32m 6[2mms[22m[39m
 [32m✓[39m [30m[45m agents-core [49m[39m src/agents/code-mode-worker-lifecycle.test.ts[2m > [22mCode Mode worker lifecycle[2m > [22mtransfers snapshot heaps and releases consumed copies across resumes[33m 440[2mms[22m[39m
 [32m✓[39m [30m[45m agents-core [49m[39m src/agents/code-mode-worker-lifecycle.test.ts[2m > [22mCode Mode worker lifecycle[2m > [22misolates guest globals, bridge failures, and cancellations across warm executions[32m 21[2mms[22m[39m
 [32m✓[39m [30m[45m agents-core [49m[39m src/agents/code-mode-worker-lifecycle.test.ts[2m > [22mCode Mode worker lifecycle[2m > [22mbounds recursive guest execution after exec VM creation[32m 6[2mms[22m[39m
 [32m✓[39m [30m[45m agents-core [49m[39m src/agents/code-mode-worker-lifecycle.test.ts[2m > [22mCode Mode worker lifecycle[2m > [22mbounds recursive guest execution after resume VM creation[32m 9[2mms[22m[39m
 [32m✓[39m [30m[45m agents-core [49m[39m src/agents/code-mode-worker-lifecycle.test.ts[2m > [22mCode Mode worker lifecycle[2m > [22mterminates a real CPU-active exec worker when its catalog closes[32m 159[2mms[22m[39m
 [32m✓[39m [30m[45m agents-core [49m[39m src/agents/code-mode-worker-lifecycle.test.ts[2m > [22mCode Mode worker lifecycle[2m > [22mterminates a real CPU-active resume worker when its catalog closes[32m 261[2mms[22m[39m
 [32m✓[39m [30m[45m agents-core [49m[39m src/agents/code-mode-worker-lifecycle.test.ts[2m > [22mCode Mode worker lifecycle[2m > [22mkeeps exec guest timeouts independent of a 1 clock jump[32m 158[2mms[22m[39m
 [32m✓[39m [30m[45m agents-core [49m[39m src/agents/code-mode-worker-lifecycle.test.ts[2m > [22mCode Mode worker lifecycle[2m > [22mkeeps exec guest timeouts independent of a -1 clock jump[33m 395[2mms[22m[39m
 [32m✓[39m [30m[45m agents-core [49m[39m src/agents/code-mode-worker-lifecycle.test.ts[2m > [22mCode Mode worker lifecycle[2m > [22mkeeps resume guest timeouts independent of a 1 clock jump[32m 270[2mms[22m[39m
 [32m✓[39m [30m[45m agents-core [49m[39m src/agents/code-mode-worker-lifecycle.test.ts[2m > [22mCode Mode worker lifecycle[2m > [22mkeeps resume guest timeouts independent of a -1 clock jump[33m 401[2mms[22m[39m
 [32m✓[39m [30m[45m agents-core [49m[39m src/agents/code-mode-worker-lifecycle.test.ts[2m > [22mCode Mode worker lifecycle[2m > [22mrejects an unavailable run without leaking a capacity reservation[32m 2[2mms[22m[39m
 [32m✓[39m [30m[45m agents-core [49m[39m src/agents/code-mode-worker-lifecycle.test.ts[2m > [22mCode Mode worker lifecycle[2m > [22mhonors an already-aborted execution before starting a worker[32m 1[2mms[22m[39m
 [32m✓[39m [30m[45m agents-core [49m[39m src/agents/code-mode-worker-lifecycle.test.ts[2m > [22mCode Mode worker lifecycle[2m > [22mshares a compiled QuickJS module with isolated worker threads[32m 31[2mms[22m[39m
 [32m✓[39m [30m[45m agents-core [49m[39m src/agents/code-mode-worker-lifecycle.test.ts[2m > [22mCode Mode worker lifecycle[2m > [22mbounds oversized returned values before sending it across worker threads[32m 10[2mms[22m[39m
 [32m✓[39m [30m[45m agents-core [49m[39m src/agents/code-mode-worker-lifecycle.test.ts[2m > [22mCode Mode worker lifecycle[2m > [22mbounds oversized completed output before sending it across worker threads[32m 9[2mms[22m[39m
 [32m✓[39m [30m[45m agents-core [49m[39m src/agents/code-mode-worker-lifecycle.test.ts[2m > [22mCode Mode worker lifecycle[2m > [22mbounds oversized combined output and returned values before sending it across worker threads[32m 10[2mms[22m[39m
 [32m✓[39m [30m[45m agents-core [49m[39m src/agents/code-mode-worker-lifecycle.test.ts[2m > [22mCode Mode worker lifecycle[2m > [22mbounds oversized suspended output before sending it across worker threads[32m 21[2mms[22m[39m
 [32m✓[39m [30m[45m agents-core [49m[39m src/agents/code-mode-worker-lifecycle.test.ts[2m > [22mCode Mode worker lifecycle[2m > [22mbounds oversized failed output before sending it across worker threads[32m 8[2mms[22m[39m
 [32m✓[39m [30m[45m agents-core [49m[39m src/agents/code-mode-worker-lifecycle.test.ts[2m > [22mCode Mode worker lifecycle[2m > [22mexpires an idle suspended snapshot and aborts its outstanding tool[32m 2[2mms[22m[39m
 [32m✓[39m [30m[45m agents-core [49m[39m src/agents/code-mode-worker-lifecycle.test.ts[2m > [22mCode Mode worker lifecycle[2m > [22mretains an active collector only within its bounded snapshot TTL windows[32m 1[2mms[22m[39m
 [32m✓[39m [30m[45m agents-core [49m[39m src/agents/code-mode-headless.validation.test.ts[2m > [22mrejects schema-invalid nested input before headless tool execution[32m 117[2mms[22m[39m

[2m Test Files [22m [1m[32m5 passed[39m[22m[90m (5)[39m
[2m      Tests [22m [1m[32m100 passed[39m[22m[90m (100)[39m
[2m   Start at [22m 23:33:03
[2m   Duration [22m 8.69s[2m (tests 57%, import 20%, transform 18%, worker 3%, setup 2%)[22m

